// Jest Snapshot v1, https://goo.gl/fbAQLP

exports[`ScrollToTop renders ScrollToTop 1`] = `
<ContextConsumer>
  <Component />
</ContextConsumer>
`;
