// Jest Snapshot v1, https://goo.gl/fbAQLP

exports[`Pagination renders Pagination 1`] = `
<section
  className="pagination"
/>
`;
