// Jest Snapshot v1, https://goo.gl/fbAQLP

exports[`App renders App 1`] = `
<CartState>
  <StoreState>
    <AppLayout>
      <withRouter(ScrollToTop) />
      <Switch>
        <Route
          component={[Function]}
          exact={true}
          path="/store"
        />
        <Route
          component={[Function]}
          exact={true}
          path="/cart"
        />
        <Route
          component={[Function]}
          exact={true}
          path="/about"
        />
        <Route
          component={[Function]}
          exact={true}
          path="/"
        />
      </Switch>
      <withRouter(ScrollToTop) />
    </AppLayout>
  </StoreState>
</CartState>
`;
