// Jest Snapshot v1, https://goo.gl/fbAQLP

exports[`Footer renders Footer 1`] = `
<footer
  className="footer"
>
  <section
    className="footer-nav"
  >
    <Link
      to="/"
    >
      Home
    </Link>
    <Link
      to="/store"
    >
      Store
    </Link>
    <Link
      to="/cart"
    >
      Cart
    </Link>
    <Link
      to="/about"
    >
      About Us
    </Link>
  </section>
  <p>
    Bookz Â© 2020 All rights reserved
  </p>
</footer>
`;
